let x = Red
let y = Colors.Blue
let z = Rgb ()
let v = Vertex (1., 2., 3., 4.)
let colour = Shades.Colors.White
let u = ()