let x = not true
let m = (-1)
let m = (-2.5)
let x = 5
let x = 5.4
let b = (-1n)
let b = 1n
let sum = (- a) - (- b)