@@jsxConfig({version: 3})

module C3A0 = {
  @obj
  external makeProps: (
    ~_open: 'T_open,
    ~_type: string,
    ~key: string=?,
    unit,
  ) => {"_open": 'T_open, "_type": string} = ""

  @react.component
  let make =
    @warning("-16")
    (@as("open") ~_open) => @warning("-16") (@as("type") ~_type: string) => React.string(_open)
  let make = {
    let \"MangleKeyword$C3A0" = (\"Props": {"_open": 'T_open, "_type": string}) =>
      make(~_type=\"Props"["_type"], ~_open=\"Props"["_open"])
    \"MangleKeyword$C3A0"
  }
}
module C3A1 = {
  @obj
  external makeProps: (
    ~_open: string,
    ~_type: string,
    ~key: string=?,
    unit,
  ) => {"_open": string, "_type": string} = ""
  external make: @as("open")
  React.componentLike<{"_open": string, "_type": string}, React.element> = "default"
}

let c3a0 = React.createElement(C3A0.make, C3A0.makeProps(~_open="x", ~_type="t", ()))
let c3a1 = React.createElement(C3A1.make, C3A1.makeProps(~_open="x", ~_type="t", ()))

@@jsxConfig({version: 4, mode: "classic"})

module C4C0 = {
  type props<'T_open, 'T_type> = {@as("open") _open: 'T_open, @as("type") _type: 'T_type}

  let make = ({@as("open") _open, @as("type") _type, _}: props<_, string>) => React.string(_open)
  let make = {
    let \"MangleKeyword$C4C0" = (props: props<_>) => make(props)

    \"MangleKeyword$C4C0"
  }
}
module C4C1 = {
  @live
  type props<'T_open, 'T_type> = {@as("open") _open: 'T_open, @as("type") _type: 'T_type}

  external make: @as("open") React.componentLike<props<string, string>, React.element> = "default"
}

let c4c0 = React.createElement(C4C0.make, {_open: "x", _type: "t"})
let c4c1 = React.createElement(C4C1.make, {_open: "x", _type: "t"})

@@jsxConfig({version: 4, mode: "automatic"})

module C4A0 = {
  type props<'T_open, 'T_type> = {@as("open") _open: 'T_open, @as("type") _type: 'T_type}

  let make = ({@as("open") _open, @as("type") _type, _}: props<_, string>) => React.string(_open)
  let make = {
    let \"MangleKeyword$C4A0" = (props: props<_>) => make(props)

    \"MangleKeyword$C4A0"
  }
}
module C4A1 = {
  @live
  type props<'T_open, 'T_type> = {@as("open") _open: 'T_open, @as("type") _type: 'T_type}

  external make: @as("open") React.componentLike<props<string, string>, React.element> = "default"
}

let c4a0 = React.jsx(C4A0.make, {_open: "x", _type: "t"})
let c4a1 = React.jsx(C4A1.make, {_open: "x", _type: "t"})
