
  [1;31mWe've found a bug for you![0m
  [36m/.../fixtures/arity_mismatch.res[0m:[2m2:21-27[0m

  1 [2mâ”‚[0m let makeVar = (. ~f, ()) => 34
  [1;31m2[0m [2mâ”‚[0m let makeVariables = [1;31mmakeVar[0m(.~f=f => f)
  3 [2mâ”‚[0m 

  This uncurried function has type (. ~f: 'a => 'a, unit) => int
  It is applied with [1;31m1[0m arguments but it requires [1;33m2[0m.