
  [1;31mWe've found a bug for you![0m
  [36m/.../fixtures/jinterp.res[0m:[2m3:10-21[0m

  1 [2mâ”‚[0m 
  2 [2mâ”‚[0m let a = 11
  [1;31m3[0m [2mâ”‚[0m let b = j[1;31m`number $(a)[0m`

  The unsafe j`$(a)$(b)` interpolation was removed, use string template `${a}${b}` instead.