
  [1;31mWe've found a bug for you![0m
  [36m/.../fixtures/method_arity_mismatch.res[0m:[2m3:3-11[0m

  1 [2mâ”‚[0m let f = obj => {
  2 [2mâ”‚[0m   obj["hi"](.1, 2)
  [1;31m3[0m [2mâ”‚[0m   [1;31mobj["hi"][0m(.1)
  4 [2mâ”‚[0m }
  5 [2mâ”‚[0m 

  This uncurried function has type (. int, int) => unit
  It is applied with [1;31m1[0m arguments but it requires [1;33m2[0m.