
  [1;31mWe've found a bug for you![0m
  [36m/.../fixtures/primitives2.res[0m:[2m2:1[0m

  1 [2mâ”‚[0m /* got int, wanted string */
  [1;31m2[0m [2mâ”‚[0m [1;31m2[0m ++ " things"
  3 [2mâ”‚[0m 

  This has type: [1;31mint[0m
  But this function argument is expecting: [1;33mstring[0m
  
  You can convert [1;33mint[0m to [1;33mstring[0m with [1;33mBelt.Int.toString[0m.