
  [1;31mWe've found a bug for you![0m
  [36m/.../fixtures/type2.res[0m:[2m6:11-13[0m

  4 [2mâ”‚[0m let () = {
  5 [2mâ”‚[0m   push(a, 3)->ignore
  [1;31m6[0m [2mâ”‚[0m   push(a, [1;31m"3"[0m)->ignore
  7 [2mâ”‚[0m }
  8 [2mâ”‚[0m 

  This has type: [1;31mstring[0m
  But this function argument is expecting: [1;33mint[0m
  
  You can convert [1;33mstring[0m to [1;33mint[0m with [1;33mBelt.Int.fromString[0m.