
  [1;31mWe've found a bug for you![0m
  [36m/.../fixtures/uncurried_expected.res[0m:[2m2:15-22[0m

  1 [2mâ”‚[0m let apply = (f) => f(. 1)
  [1;31m2[0m [2mâ”‚[0m let z = apply([1;31mx => x+1[0m)
  3 [2mâ”‚[0m 

  This expression is expected to have an uncurried function