
  [1;33mWarning number 8[0m
  [36m/.../fixtures/warnings4.res[0m:[2m11:1-13:1[0m

   9 [2mâ”‚[0m @val external x: myType = "myVariable"
  10 [2mâ”‚[0m 
  [1;33m11[0m [2mâ”‚[0m [1;33mswitch x {[0m
  [1;33m12[0m [2mâ”‚[0m [1;33m  | #first => Js.log("first")[0m
  [1;33m13[0m [2mâ”‚[0m [1;33m}[0m
  14 [2mâ”‚[0m 

  You forgot to handle a possible case here, for example: 
  | #second(_) | #fourth | #third