open Belt
open! Belt
open Belt[@@onOpen ]
open Belt.Array
open! Belt.Array
open! Belt.Array[@@onOpen ]