// let (a,) = 1 -> one-element tuples are not supported
let (a, b) = 1
let (aaaaaaaaaaaaaaaaaaaaaaaaaa, bbbbbbbbbbbbbbbbbbbbbbbbbb, cccccccccccccccccccccccccc) = 1
