let foo = 1

let superLongIdentifierLongSoooooooooooooLooooooooooooooooooooooooooooooooooooooong = 1

let list = 3
