let element = {
  open React
  element
}

let element = {
  open! React
  element
}
