
  Syntax error!
  tests/parsing/errors/typeDef/namedParameters.res:1:15-20

  1 â”‚ type  draw = (stroke: pencil) => unit
  2 â”‚ 

  A labeled parameter starts with a `~`. Did you mean: `~stroke`?

type nonrec draw = stroke:pencil -> unit