%%raw("__eval__gc()")

@attr
%%raw("__eval__gc()")

@attrStructureLvl @attrStructureLvl2 @attrStructureLvl3
%%raw("__eval__gc()")

@attrStructureLvl @attrStructureLvl2 @attrStructureLvl3 @attrStructureLvl4 @attrStructureLvl5
%%raw("__eval__gc()")

%%private(@module("./logo.svg") external logo: string = "default")
