
  Syntax error!
  tests/parsing/infiniteLoops/polymorphicVariantType.res:1:14

  1 â”‚ type x = [<y>

  Did you forget a `]` here?

type nonrec x = [< y]